// Jest Snapshot v1, https://goo.gl/fbAQLP

exports[`<Button /> Should render and match the snapshot 1`] = `
<button
  class="Button__StyledButton-ss41oc-0 eUuPsm"
  id="id123"
  type="button"
>
  Test
</button>
`;
